main.c:392:8:user_i2c_read	24	static
main.c:400:6:user_delay_ms	16	static
main.c:405:8:user_i2c_write	32	static
main.c:421:6:delay_us	24	static
main.c:437:6:HAL_SPI_TxCpltCallback	16	static
main.c:494:5:main	8	static
main.c:658:6:SystemClock_Config	88	static
main.c:703:13:MX_ADC1_Init	24	static
main.c:753:13:MX_I2C2_Init	8	static
main.c:787:13:MX_I2C3_Init	8	static
main.c:821:13:MX_RNG_Init	8	static
main.c:847:13:MX_RTC_Init	72	static
main.c:927:13:MX_SPI1_Init	8	static
main.c:965:13:MX_SPI2_Init	8	static
main.c:1003:13:MX_TIM1_Init	32	static
main.c:1049:13:MX_TIM2_Init	32	static
main.c:1094:13:MX_TIM3_Init	32	static
main.c:1139:13:MX_TIM10_Init	8	static
main.c:1168:13:MX_DMA_Init	16	static
main.c:1186:13:MX_GPIO_Init	56	static
main.c:1340:6:StartDefaultTask	16	static
main.c:1360:6:Start_RTC	1136	static
main.c:1454:6:Start_Show_Resources	1152	static
main.c:1525:6:Start_UART_Task	1048	static
main.c:1554:6:Start_bme280	152	static
main.c:1668:6:Start_AM2302	1144	static
main.c:1824:6:Start_SD_CARD	32	static
main.c:1871:6:Start_LCD	184	static
main.c:1950:6:Start_LCD_touchscreen	216	static
main.c:2011:6:Start_MPU6050	264	static
main.c:2207:6:Start_MS5611	128	static
main.c:2291:6:Start_ADC	104	static
main.c:2339:6:HAL_TIM_PeriodElapsedCallback	16	static
main.c:2389:6:Error_Handler	4	static,ignoring_inline_asm
