main.c:362:8:user_i2c_read	24	static
main.c:370:6:user_delay_ms	16	static
main.c:375:8:user_i2c_write	32	static
main.c:391:6:delay_us	24	static
main.c:407:6:HAL_SPI_TxCpltCallback	16	static
main.c:462:5:main	8	static
main.c:619:6:SystemClock_Config	88	static
main.c:664:13:MX_I2C2_Init	8	static
main.c:698:13:MX_I2C3_Init	8	static
main.c:732:13:MX_RNG_Init	8	static
main.c:758:13:MX_RTC_Init	72	static
main.c:838:13:MX_SPI1_Init	8	static
main.c:876:13:MX_SPI2_Init	8	static
main.c:914:13:MX_TIM1_Init	32	static
main.c:960:13:MX_TIM2_Init	32	static
main.c:1005:13:MX_TIM3_Init	32	static
main.c:1050:13:MX_TIM10_Init	8	static
main.c:1079:13:MX_DMA_Init	16	static
main.c:1097:13:MX_GPIO_Init	56	static
main.c:1251:6:StartDefaultTask	16	static
main.c:1271:6:Start_RTC	1136	static
main.c:1365:6:Start_Show_Resources	1152	static
main.c:1436:6:Start_UART_Task	1048	static
main.c:1465:6:Start_bme280	152	static
main.c:1579:6:Start_AM2302	1144	static
main.c:1735:6:Start_SD_CARD	32	static
main.c:1782:6:Start_LCD	152	static
main.c:1853:6:Start_LCD_touchscreen	216	static
main.c:1914:6:Start_MPU6050	264	static
main.c:2110:6:Start_MS5611	128	static
main.c:2195:6:HAL_TIM_PeriodElapsedCallback	16	static
main.c:2245:6:Error_Handler	4	static,ignoring_inline_asm
