main.c:327:8:user_i2c_read	24	static
main.c:335:6:user_delay_ms	16	static
main.c:340:8:user_i2c_write	32	static
main.c:356:6:delay_us	24	static
main.c:372:6:HAL_SPI_TxCpltCallback	16	static
main.c:426:5:main	8	static
main.c:577:6:SystemClock_Config	88	static
main.c:622:13:MX_I2C2_Init	8	static
main.c:656:13:MX_I2C3_Init	8	static
main.c:690:13:MX_RNG_Init	8	static
main.c:716:13:MX_RTC_Init	72	static
main.c:796:13:MX_SPI1_Init	8	static
main.c:834:13:MX_SPI2_Init	8	static
main.c:872:13:MX_TIM1_Init	32	static
main.c:918:13:MX_TIM2_Init	32	static
main.c:963:13:MX_TIM3_Init	32	static
main.c:1008:13:MX_TIM10_Init	8	static
main.c:1037:13:MX_DMA_Init	16	static
main.c:1055:13:MX_GPIO_Init	56	static
main.c:1209:6:StartDefaultTask	16	static
main.c:1229:6:Start_RTC	1136	static
main.c:1323:6:Start_Show_Resources	1152	static
main.c:1394:6:Start_UART_Task	1048	static
main.c:1423:6:Start_bme280	152	static
main.c:1537:6:Start_AM2302	1144	static
main.c:1693:6:Start_SD_CARD	32	static
main.c:1740:6:Start_LCD	72	static
main.c:1792:6:Start_LCD_touchscreen	216	static
main.c:1853:6:Start_MPU6050	216	static
main.c:1977:6:HAL_TIM_PeriodElapsedCallback	16	static
main.c:2027:6:Error_Handler	4	static,ignoring_inline_asm
