main.c:251:8:user_i2c_read	24	static
main.c:259:6:user_delay_ms	16	static
main.c:264:8:user_i2c_write	32	static
main.c:280:6:delay_us	24	static
main.c:296:6:HAL_SPI_TxCpltCallback	16	static
main.c:349:5:main	8	static
main.c:485:6:SystemClock_Config	88	static
main.c:530:13:MX_I2C2_Init	8	static
main.c:564:13:MX_I2C3_Init	8	static
main.c:598:13:MX_RNG_Init	8	static
main.c:624:13:MX_RTC_Init	72	static
main.c:704:13:MX_SPI1_Init	8	static
main.c:742:13:MX_SPI2_Init	8	static
main.c:780:13:MX_TIM1_Init	32	static
main.c:826:13:MX_TIM2_Init	32	static
main.c:871:13:MX_TIM3_Init	32	static
main.c:916:13:MX_TIM10_Init	8	static
main.c:945:13:MX_DMA_Init	16	static
main.c:963:13:MX_GPIO_Init	56	static
main.c:1117:6:StartDefaultTask	16	static
main.c:1137:6:Start_RTC	1136	static
main.c:1231:6:Start_Show_Resources	1152	static
main.c:1302:6:Start_UART_Task	1048	static
main.c:1331:6:Start_bme280	1160	static
main.c:1437:6:Start_AM2302	1144	static
main.c:1593:6:Start_SD_CARD	32	static
main.c:1639:6:Start_LCD	120	static
main.c:1716:6:Start_LCD_touchscreen	216	static
main.c:1778:6:HAL_TIM_PeriodElapsedCallback	16	static
main.c:1828:6:Error_Handler	4	static,ignoring_inline_asm
