main.c:250:8:user_i2c_read	24	static
main.c:258:6:user_delay_ms	16	static
main.c:263:8:user_i2c_write	32	static
main.c:279:6:delay_us	24	static
main.c:295:6:HAL_SPI_TxCpltCallback	16	static
main.c:347:5:main	8	static
main.c:482:6:SystemClock_Config	88	static
main.c:527:13:MX_I2C3_Init	8	static
main.c:561:13:MX_RNG_Init	8	static
main.c:587:13:MX_RTC_Init	72	static
main.c:667:13:MX_SPI1_Init	8	static
main.c:705:13:MX_SPI2_Init	8	static
main.c:743:13:MX_TIM1_Init	32	static
main.c:789:13:MX_TIM2_Init	32	static
main.c:834:13:MX_TIM3_Init	32	static
main.c:879:13:MX_TIM10_Init	8	static
main.c:908:13:MX_DMA_Init	16	static
main.c:926:13:MX_GPIO_Init	56	static
main.c:1088:6:StartDefaultTask	16	static
main.c:1108:6:Start_RTC	1136	static
main.c:1202:6:Start_Show_Resources	1176	static
main.c:1273:6:Start_UART_Task	1048	static
main.c:1302:6:Start_bme280	1160	static
main.c:1408:6:Start_AM2302	1144	static
main.c:1564:6:Start_SD_CARD	32	static
main.c:1610:6:Start_LCD	176	static
main.c:1650:6:Start_LCD_touchscreen	216	static
main.c:1712:6:HAL_TIM_PeriodElapsedCallback	16	static
main.c:1762:6:Error_Handler	4	static,ignoring_inline_asm
