main.c:268:8:user_i2c_read	24	static
main.c:276:6:user_delay_ms	16	static
main.c:281:8:user_i2c_write	32	static
main.c:297:6:delay_us	24	static
main.c:313:6:HAL_SPI_TxCpltCallback	16	static
main.c:366:5:main	8	static
main.c:505:6:SystemClock_Config	88	static
main.c:550:13:MX_I2C2_Init	8	static
main.c:584:13:MX_I2C3_Init	8	static
main.c:618:13:MX_RNG_Init	8	static
main.c:644:13:MX_RTC_Init	72	static
main.c:724:13:MX_SPI1_Init	8	static
main.c:762:13:MX_SPI2_Init	8	static
main.c:800:13:MX_TIM1_Init	32	static
main.c:846:13:MX_TIM2_Init	32	static
main.c:891:13:MX_TIM3_Init	32	static
main.c:936:13:MX_TIM10_Init	8	static
main.c:965:13:MX_DMA_Init	16	static
main.c:983:13:MX_GPIO_Init	56	static
main.c:1137:6:StartDefaultTask	16	static
main.c:1157:6:Start_RTC	1136	static
main.c:1251:6:Start_Show_Resources	1152	static
main.c:1322:6:Start_UART_Task	1048	static
main.c:1351:6:Start_bme280	152	static
main.c:1465:6:Start_AM2302	1144	static
main.c:1621:6:Start_SD_CARD	32	static
main.c:1668:6:Start_LCD	40	static
main.c:1722:6:Start_LCD_touchscreen	216	static
main.c:1784:6:HAL_TIM_PeriodElapsedCallback	16	static
main.c:1834:6:Error_Handler	4	static,ignoring_inline_asm
